LTspice 26.0.1 for Windows
Circuit: C:\Users\rober\Desktop\circuits\ELE2003\prep2.net
<<<<<<< HEAD
Start Time: Fri Sep 18 15:47:22 2026
=======
Start Time: Tue Sep  8 09:27:36 2026
>>>>>>> aa956658bff123363acd8cc5d9db918f46b43843
solver = Normal
Maximum thread count: 8
tnom = 27
temp = 27
method = trap
Early termination of direct N-R iteration.
Direct Newton iteration failed to find operating point.
Starting Gmin stepping
Gmin stepping failed to find operating point. Use".option gminsteps=0" to skip all Gmin stepping.
Starting source stepping with srcstepmethod=0
Source stepping succeeded in finding the operating point.

<<<<<<< HEAD
Total elapsed time: 0.164 seconds.
=======
Total elapsed time: 0.090 seconds.
>>>>>>> aa956658bff123363acd8cc5d9db918f46b43843

Files loaded:
C:\Users\rober\Desktop\circuits\ELE2003\prep2.net
C:\Users\rober\Desktop\circuits\model\TL082.MOD

